[debug] [2026-09-18T22:50:09.116Z] ----------------------------------------------------------------------
[debug] [2026-09-18T22:50:09.141Z] Command:       /usr/bin/node /home/shadrach/.local/bin/firebase deploy --only hosting
[debug] [2026-09-18T22:50:09.147Z] CLI Version:   15.28.2
[debug] [2026-09-18T22:50:09.147Z] Platform:      linux
[debug] [2026-09-18T22:50:09.148Z] Node Version:  v20.19.4
[debug] [2026-09-18T22:50:09.153Z] Detected Agent: antigravity
[debug] [2026-09-18T22:50:09.155Z] Time:          Sat Sep 19 2026 06:50:09 GMT+0800 (Philippine Standard Time)
[debug] [2026-09-18T22:50:09.159Z] ----------------------------------------------------------------------
[debug] 
[debug] [2026-09-18T22:50:22.405Z] > command requires scopes: ["email","openid","https://www.googleapis.com/auth/cloudplatformprojects.readonly","https://www.googleapis.com/auth/firebase","https://www.googleapis.com/auth/cloud-platform"]
[debug] [2026-09-18T22:50:22.410Z] > authorizing via signed-in user (youlo1709@gmail.com)
[debug] [2026-09-18T22:50:22.415Z] [iam] checking project swiftstream-portal for permissions ["firebase.projects.get","firebasehosting.sites.update"]
[debug] [2026-09-18T22:50:22.433Z] Checked if tokens are valid: false, expires at: 1789744814899
[debug] [2026-09-18T22:50:22.435Z] Checked if tokens are valid: false, expires at: 1789744814899
[debug] [2026-09-18T22:50:22.437Z] > refreshing access token with scopes: []
[debug] [2026-09-18T22:50:22.457Z] >>> [apiv2][query] POST https://www.googleapis.com/oauth2/v3/token [none]
[debug] [2026-09-18T22:50:22.458Z] >>> [apiv2][body] POST https://www.googleapis.com/oauth2/v3/token [omitted]
[debug] [2026-09-18T22:50:22.961Z] <<< [apiv2][status] POST https://www.googleapis.com/oauth2/v3/token 200
[debug] [2026-09-18T22:50:22.963Z] <<< [apiv2][body] POST https://www.googleapis.com/oauth2/v3/token [omitted]
[debug] [2026-09-18T22:50:22.992Z] >>> [apiv2][query] POST https://cloudresourcemanager.googleapis.com/v1/projects/swiftstream-portal:testIamPermissions [none]
[debug] [2026-09-18T22:50:22.999Z] >>> [apiv2][(partial)header] POST https://cloudresourcemanager.googleapis.com/v1/projects/swiftstream-portal:testIamPermissions  x-goog-user-project=swiftstream-portal
[debug] [2026-09-18T22:50:23.000Z] >>> [apiv2][body] POST https://cloudresourcemanager.googleapis.com/v1/projects/swiftstream-portal:testIamPermissions {"permissions":["firebase.projects.get","firebasehosting.sites.update"]}
[debug] [2026-09-18T22:50:24.108Z] <<< [apiv2][status] POST https://cloudresourcemanager.googleapis.com/v1/projects/swiftstream-portal:testIamPermissions 200
[debug] [2026-09-18T22:50:24.109Z] <<< [apiv2][body] POST https://cloudresourcemanager.googleapis.com/v1/projects/swiftstream-portal:testIamPermissions {"permissions":["firebase.projects.get","firebasehosting.sites.update"]}
[debug] [2026-09-18T22:50:24.117Z] Checked if tokens are valid: true, expires at: 1789775421965
[debug] [2026-09-18T22:50:24.119Z] Checked if tokens are valid: true, expires at: 1789775421965
[debug] [2026-09-18T22:50:24.120Z] >>> [apiv2][query] GET https://firebase.googleapis.com/v1beta1/projects/swiftstream-portal [none]
[debug] [2026-09-18T22:50:24.656Z] <<< [apiv2][status] GET https://firebase.googleapis.com/v1beta1/projects/swiftstream-portal 200
[debug] [2026-09-18T22:50:24.662Z] <<< [apiv2][body] GET https://firebase.googleapis.com/v1beta1/projects/swiftstream-portal {"projectId":"swiftstream-portal","projectNumber":"104878342051","displayName":"SWIFT STREAM TELECOM1","name":"projects/swiftstream-portal","resources":{"hostingSite":"swiftstream-portal"},"state":"ACTIVE","labels":{"firebase":"enabled","firebaseworkflows/environment":"production","firebase.ai-integrations/builder":"ai-studio"},"etag":"1_845fa89b-8a37-4233-93af-c43a1a52290e"}
[info] 
[info] === Deploying to 'swiftstream-portal'...
[info] 
[info] i  deploying hosting 
[debug] [2026-09-18T22:50:24.697Z] Checked if tokens are valid: true, expires at: 1789775421965
[debug] [2026-09-18T22:50:24.700Z] Checked if tokens are valid: true, expires at: 1789775421965
[debug] [2026-09-18T22:50:24.701Z] >>> [apiv2][query] GET https://firebasehosting.googleapis.com/v1beta1/projects/swiftstream-portal/sites/swiftstream-portal [none]
[debug] [2026-09-18T22:50:25.612Z] <<< [apiv2][status] GET https://firebasehosting.googleapis.com/v1beta1/projects/swiftstream-portal/sites/swiftstream-portal 200
[debug] [2026-09-18T22:50:25.633Z] <<< [apiv2][body] GET https://firebasehosting.googleapis.com/v1beta1/projects/swiftstream-portal/sites/swiftstream-portal {"name":"projects/swiftstream-portal/sites/swiftstream-portal","defaultUrl":"https://swiftstream-portal.web.app","appId":"1:104878342051:web:03fbe65748192475dc2416","type":"DEFAULT_SITE"}
[debug] [2026-09-18T22:50:25.762Z] Checked if tokens are valid: true, expires at: 1789775421965
[debug] [2026-09-18T22:50:25.765Z] Checked if tokens are valid: true, expires at: 1789775421965
[debug] [2026-09-18T22:50:25.794Z] >>> [apiv2][query] POST https://firebasehosting.googleapis.com/v1beta1/projects/-/sites/swiftstream-portal/versions [none]
[debug] [2026-09-18T22:50:25.798Z] >>> [apiv2][body] POST https://firebasehosting.googleapis.com/v1beta1/projects/-/sites/swiftstream-portal/versions {"status":"CREATED","labels":{"deployment-tool":"cli-firebase"}}
[debug] [2026-09-18T22:50:27.102Z] <<< [apiv2][status] POST https://firebasehosting.googleapis.com/v1beta1/projects/-/sites/swiftstream-portal/versions 200
[debug] [2026-09-18T22:50:27.113Z] <<< [apiv2][body] POST https://firebasehosting.googleapis.com/v1beta1/projects/-/sites/swiftstream-portal/versions {"name":"projects/104878342051/sites/swiftstream-portal/versions/26948f5c4f4556e0","status":"CREATED","config":{},"labels":{"deployment-tool":"cli-firebase"}}
[info] i  hosting[swiftstream-portal]: beginning deploy... 
[info] i  hosting[swiftstream-portal]: found 9 files in dist 
[debug] [2026-09-18T22:50:27.399Z] [hosting] uploading with 200 concurrency
[debug] [2026-09-18T22:50:28.104Z] Checked if tokens are valid: true, expires at: 1789775421965
[debug] [2026-09-18T22:50:28.107Z] Checked if tokens are valid: true, expires at: 1789775421965
[debug] [2026-09-18T22:50:28.113Z] [hosting] hash cache [ZGlzdA] stored for 9 files
[debug] [2026-09-18T22:50:28.116Z] [hosting][hash queue][FINAL] {"max":689,"min":74,"avg":168.55555555555554,"active":0,"complete":9,"success":9,"errored":0,"retried":0,"total":9,"elapsed":713}
[debug] [2026-09-18T22:50:28.118Z] >>> [apiv2][query] POST https://firebasehosting.googleapis.com/v1beta1/projects/104878342051/sites/swiftstream-portal/versions/26948f5c4f4556e0:populateFiles [none]
[debug] [2026-09-18T22:50:28.118Z] >>> [apiv2][body] POST https://firebasehosting.googleapis.com/v1beta1/projects/104878342051/sites/swiftstream-portal/versions/26948f5c4f4556e0:populateFiles {"files":{"/walled_garden.html":"dc42bf3565cc69e056ee2afdc296e37074d53e22ac87b97d77b389b0e1a91039","/logo.svg":"f6391a135c4f5f1555e2a0c9e12a488c55b73df04c2c62926106fafd4644ab5c","/index.html":"68bbf5e95b88e253215ca67d43a5d1f6b8c325b118ada0e3c66ce12abecb370e","/favicon.svg":"f6391a135c4f5f1555e2a0c9e12a488c55b73df04c2c62926106fafd4644ab5c","/assets/purify.es-BwoZCkIS.js":"7c469434de5af5027fa046e9b4bf470445813e1d4aaeba5528931f43adc7b057","/assets/index-hi4rOk-5.css":"d467b8aead6d16d85aaa73f977de7e4d9ce43149e784d0fea9f58a0ca03eed21","/assets/index.es-BotqMH0h.js":"93c7c624b28b6bca31f4b7e40554f58313f1232d10cde96342f1ce61ee0b0273","/assets/html2canvas.esm-CBrSDip1.js":"5c4182529dae426ab9cbb069b4db4ad09512a60389ab0663fbd4800b9b8d68ba","/assets/index-qh1K2e8c.js":"c9b715617c629443a57503cbb9541ea97725260f09bd174ecfd1787b81242c96"}}
[debug] [2026-09-18T22:50:28.753Z] <<< [apiv2][status] POST https://firebasehosting.googleapis.com/v1beta1/projects/104878342051/sites/swiftstream-portal/versions/26948f5c4f4556e0:populateFiles 200
[debug] [2026-09-18T22:50:28.753Z] <<< [apiv2][body] POST https://firebasehosting.googleapis.com/v1beta1/projects/104878342051/sites/swiftstream-portal/versions/26948f5c4f4556e0:populateFiles {"uploadRequiredHashes":["c9b715617c629443a57503cbb9541ea97725260f09bd174ecfd1787b81242c96","68bbf5e95b88e253215ca67d43a5d1f6b8c325b118ada0e3c66ce12abecb370e","d467b8aead6d16d85aaa73f977de7e4d9ce43149e784d0fea9f58a0ca03eed21","93c7c624b28b6bca31f4b7e40554f58313f1232d10cde96342f1ce61ee0b0273"],"uploadUrl":"https://upload-firebasehosting.googleapis.com/upload/sites/swiftstream-portal/versions/26948f5c4f4556e0/files"}
[debug] [2026-09-18T22:50:28.756Z] Checked if tokens are valid: true, expires at: 1789775421965
[debug] [2026-09-18T22:50:28.756Z] Checked if tokens are valid: true, expires at: 1789775421965
[debug] [2026-09-18T22:50:28.758Z] Checked if tokens are valid: true, expires at: 1789775421965
[debug] [2026-09-18T22:50:28.758Z] Checked if tokens are valid: true, expires at: 1789775421965
[debug] [2026-09-18T22:50:28.759Z] Checked if tokens are valid: true, expires at: 1789775421965
[debug] [2026-09-18T22:50:28.760Z] Checked if tokens are valid: true, expires at: 1789775421965
[debug] [2026-09-18T22:50:28.761Z] Checked if tokens are valid: true, expires at: 1789775421965
[debug] [2026-09-18T22:50:28.763Z] Checked if tokens are valid: true, expires at: 1789775421965
[debug] [2026-09-18T22:50:28.763Z] >>> [apiv2][query] POST https://upload-firebasehosting.googleapis.com/upload/sites/swiftstream-portal/versions/26948f5c4f4556e0/files/c9b715617c629443a57503cbb9541ea97725260f09bd174ecfd1787b81242c96 [none]
[debug] [2026-09-18T22:50:28.764Z] >>> [apiv2][body] POST https://upload-firebasehosting.googleapis.com/upload/sites/swiftstream-portal/versions/26948f5c4f4556e0/files/c9b715617c629443a57503cbb9541ea97725260f09bd174ecfd1787b81242c96 [stream]
[debug] [2026-09-18T22:50:28.770Z] >>> [apiv2][query] POST https://upload-firebasehosting.googleapis.com/upload/sites/swiftstream-portal/versions/26948f5c4f4556e0/files/68bbf5e95b88e253215ca67d43a5d1f6b8c325b118ada0e3c66ce12abecb370e [none]
[debug] [2026-09-18T22:50:28.771Z] >>> [apiv2][body] POST https://upload-firebasehosting.googleapis.com/upload/sites/swiftstream-portal/versions/26948f5c4f4556e0/files/68bbf5e95b88e253215ca67d43a5d1f6b8c325b118ada0e3c66ce12abecb370e [stream]
[debug] [2026-09-18T22:50:28.775Z] >>> [apiv2][query] POST https://upload-firebasehosting.googleapis.com/upload/sites/swiftstream-portal/versions/26948f5c4f4556e0/files/d467b8aead6d16d85aaa73f977de7e4d9ce43149e784d0fea9f58a0ca03eed21 [none]
[debug] [2026-09-18T22:50:28.775Z] >>> [apiv2][body] POST https://upload-firebasehosting.googleapis.com/upload/sites/swiftstream-portal/versions/26948f5c4f4556e0/files/d467b8aead6d16d85aaa73f977de7e4d9ce43149e784d0fea9f58a0ca03eed21 [stream]
[debug] [2026-09-18T22:50:28.778Z] >>> [apiv2][query] POST https://upload-firebasehosting.googleapis.com/upload/sites/swiftstream-portal/versions/26948f5c4f4556e0/files/93c7c624b28b6bca31f4b7e40554f58313f1232d10cde96342f1ce61ee0b0273 [none]
[debug] [2026-09-18T22:50:28.778Z] >>> [apiv2][body] POST https://upload-firebasehosting.googleapis.com/upload/sites/swiftstream-portal/versions/26948f5c4f4556e0/files/93c7c624b28b6bca31f4b7e40554f58313f1232d10cde96342f1ce61ee0b0273 [stream]
[debug] [2026-09-18T22:50:28.797Z] [hosting][populate queue][FINAL] {"max":660,"min":660,"avg":660,"active":0,"complete":1,"success":1,"errored":0,"retried":0,"total":1,"elapsed":694}
[debug] [2026-09-18T22:50:28.798Z] [hosting] uploads queued: 4
[info] i  hosting: uploading new files [0/4] (0%) 
[debug] [2026-09-18T22:50:30.456Z] <<< [apiv2][status] POST https://upload-firebasehosting.googleapis.com/upload/sites/swiftstream-portal/versions/26948f5c4f4556e0/files/68bbf5e95b88e253215ca67d43a5d1f6b8c325b118ada0e3c66ce12abecb370e 200
[debug] [2026-09-18T22:50:30.471Z] <<< [apiv2][body] POST https://upload-firebasehosting.googleapis.com/upload/sites/swiftstream-portal/versions/26948f5c4f4556e0/files/68bbf5e95b88e253215ca67d43a5d1f6b8c325b118ada0e3c66ce12abecb370e [stream]
[debug] [2026-09-18T22:50:31.143Z] <<< [apiv2][status] POST https://upload-firebasehosting.googleapis.com/upload/sites/swiftstream-portal/versions/26948f5c4f4556e0/files/d467b8aead6d16d85aaa73f977de7e4d9ce43149e784d0fea9f58a0ca03eed21 200
[debug] [2026-09-18T22:50:31.147Z] <<< [apiv2][body] POST https://upload-firebasehosting.googleapis.com/upload/sites/swiftstream-portal/versions/26948f5c4f4556e0/files/d467b8aead6d16d85aaa73f977de7e4d9ce43149e784d0fea9f58a0ca03eed21 [stream]
[info] i  hosting: uploading new files [2/4] (50%) 
[debug] [2026-09-18T22:50:31.502Z] <<< [apiv2][status] POST https://upload-firebasehosting.googleapis.com/upload/sites/swiftstream-portal/versions/26948f5c4f4556e0/files/c9b715617c629443a57503cbb9541ea97725260f09bd174ecfd1787b81242c96 200
[debug] [2026-09-18T22:50:31.503Z] <<< [apiv2][body] POST https://upload-firebasehosting.googleapis.com/upload/sites/swiftstream-portal/versions/26948f5c4f4556e0/files/c9b715617c629443a57503cbb9541ea97725260f09bd174ecfd1787b81242c96 [stream]
[debug] [2026-09-18T22:50:31.862Z] <<< [apiv2][status] POST https://upload-firebasehosting.googleapis.com/upload/sites/swiftstream-portal/versions/26948f5c4f4556e0/files/93c7c624b28b6bca31f4b7e40554f58313f1232d10cde96342f1ce61ee0b0273 200
[debug] [2026-09-18T22:50:31.863Z] <<< [apiv2][body] POST https://upload-firebasehosting.googleapis.com/upload/sites/swiftstream-portal/versions/26948f5c4f4556e0/files/93c7c624b28b6bca31f4b7e40554f58313f1232d10cde96342f1ce61ee0b0273 [stream]
[debug] [2026-09-18T22:50:31.868Z] [hosting][upload queue][FINAL] {"max":3103,"min":1717,"avg":2490.75,"active":0,"complete":4,"success":4,"errored":0,"retried":0,"total":4,"elapsed":3114}
[info] i  hosting: upload complete 
[info] ✔  hosting[swiftstream-portal]: file upload complete 
[debug] [2026-09-18T22:50:31.870Z] [hosting] deploy completed after 4720ms
[debug] [2026-09-18T22:50:31.874Z] [
  {
    "config": {
      "public": "dist",
      "ignore": [
        "firebase.json",
        "**/.*",
        "**/node_modules/**"
      ],
      "headers": [
        {
          "source": "/**",
          "headers": [
            {
              "key": "Cache-Control",
              "value": "no-cache, no-store, must-revalidate"
            }
          ]
        },
        {
          "source": "/assets/**",
          "headers": [
            {
              "key": "Cache-Control",
              "value": "max-age=31536000, immutable"
            }
          ]
        }
      ],
      "rewrites": [
        {
          "source": "/api/mikrotikTest",
          "function": {
            "functionId": "mikrotikTest",
            "region": "asia-southeast1"
          }
        },
        {
          "source": "/api/mikrotikTelemetry",
          "function": {
            "functionId": "mikrotikTelemetry",
            "region": "asia-southeast1"
          }
        },
        {
          "source": "/api/mikrotikStream",
          "function": {
            "functionId": "mikrotikStream",
            "region": "asia-southeast1"
          }
        },
        {
          "source": "/api/mikrotikKickSession",
          "function": {
            "functionId": "mikrotikKickSession",
            "region": "asia-southeast1"
          }
        },
        {
          "source": "/api/mikrotikPppoeSync",
          "function": {
            "functionId": "mikrotikPppoeSync",
            "region": "asia-southeast1"
          }
        },
        {
          "source": "/api/mikrotik-proxy",
          "function": {
            "functionId": "mikrotikProxy",
            "region": "asia-southeast1"
          }
        },
        {
          "source": "/api/getPppoeSecrets",
          "function": {
            "functionId": "getPppoeSecrets",
            "region": "asia-southeast1"
          }
        },
        {
          "source": "/api/getPppoeProfiles",
          "function": {
            "functionId": "getPppoeProfiles",
            "region": "asia-southeast1"
          }
        },
        {
          "source": "/api/getPppoeActive",
          "function": {
            "functionId": "getPppoeActive",
            "region": "asia-southeast1"
          }
        },
        {
          "source": "/api/deleteUserAccount",
          "function": {
            "functionId": "deleteUserAccount",
            "region": "asia-southeast1"
          }
        },
        {
          "source": "/api/triggerGraceAudit",
          "function": {
            "functionId": "triggerGraceAudit",
            "region": "asia-southeast1"
          }
        },
        {
          "source": "**",
          "destination": "/index.html"
        }
      ],
      "site": "swiftstream-portal"
    },
    "version": "projects/104878342051/sites/swiftstream-portal/versions/26948f5c4f4556e0"
  }
]
[info] i  hosting[swiftstream-portal]: finalizing version... 
[debug] [2026-09-18T22:50:31.880Z] Checked if tokens are valid: true, expires at: 1789775421965
[debug] [2026-09-18T22:50:31.883Z] Checked if tokens are valid: true, expires at: 1789775421965
[debug] [2026-09-18T22:50:31.883Z] >>> [apiv2][query] GET https://cloudfunctions.googleapis.com/v1/projects/swiftstream-portal/locations/-/functions [none]
[debug] [2026-09-18T22:50:33.029Z] <<< [apiv2][status] GET https://cloudfunctions.googleapis.com/v1/projects/swiftstream-portal/locations/-/functions 200
[debug] [2026-09-18T22:50:33.030Z] <<< [apiv2][body] GET https://cloudfunctions.googleapis.com/v1/projects/swiftstream-portal/locations/-/functions {}
[debug] [2026-09-18T22:50:33.047Z] Checked if tokens are valid: true, expires at: 1789775421965
[debug] [2026-09-18T22:50:33.048Z] Checked if tokens are valid: true, expires at: 1789775421965
[debug] [2026-09-18T22:50:33.052Z] >>> [apiv2][query] GET https://cloudfunctions.googleapis.com/v2/projects/swiftstream-portal/locations/-/functions filter=environment%3D%22GEN_2%22
[debug] [2026-09-18T22:50:34.610Z] <<< [apiv2][status] GET https://cloudfunctions.googleapis.com/v2/projects/swiftstream-portal/locations/-/functions 200
[debug] [2026-09-18T22:50:34.612Z] <<< [apiv2][body] GET https://cloudfunctions.googleapis.com/v2/projects/swiftstream-portal/locations/-/functions {"functions":[{"name":"projects/swiftstream-portal/locations/asia-southeast1/functions/mikrotikActiveSessions","buildConfig":{"build":"projects/104878342051/locations/asia-southeast1/builds/1b781d4e-fa0b-43fd-8011-d11b3c637d75","runtime":"nodejs20","entryPoint":"mikrotikActiveSessions","source":{"storageSource":{"bucket":"gcf-v2-sources-104878342051-asia-southeast1","object":"mikrotikActiveSessions/function-source.zip","generation":"1788739305170760"}},"environmentVariables":{"GOOGLE_NODE_RUN_SCRIPTS":""},"dockerRepository":"projects/swiftstream-portal/locations/asia-southeast1/repositories/gcf-artifacts","sourceProvenance":{"resolvedStorageSource":{"bucket":"gcf-v2-sources-104878342051-asia-southeast1","object":"mikrotikActiveSessions/function-source.zip","generation":"1788739305170760"}},"dockerRegistry":"ARTIFACT_REGISTRY","serviceAccount":"projects/swiftstream-portal/serviceAccounts/104878342051-compute@developer.gserviceaccount.com","automaticUpdatePolicy":{}},"serviceConfig":{"service":"projects/swiftstream-portal/locations/asia-southeast1/services/mikrotikactivesessions","timeoutSeconds":60,"environmentVariables":{"FIREBASE_CONFIG":"{\"projectId\":\"swiftstream-portal\",\"storageBucket\":\"swiftstream-portal.firebasestorage.app\"}","GCLOUD_PROJECT":"swiftstream-portal","EVENTARC_CLOUD_EVENT_SOURCE":"projects/swiftstream-portal/locations/asia-southeast1/services/mikrotikActiveSessions","FUNCTION_REGION":"asia-southeast1","FUNCTION_TARGET":"mikrotikActiveSessions","LOG_EXECUTION_ID":"true","FUNCTION_SIGNATURE_TYPE":"http"},"ingressSettings":"ALLOW_ALL","uri":"https://mikrotikactivesessions-httwctdbwa-as.a.run.app","serviceAccountEmail":"104878342051-compute@developer.gserviceaccount.com","availableMemory":"256Mi","allTrafficOnLatestRevision":true,"revision":"mikrotikactivesessions-00001-xot","maxInstanceRequestConcurrency":80,"availableCpu":"1"},"state":"ACTIVE","updateTime":"2026-09-07T00:02:01.021163138Z","labels":{"deployment-tool":"cli-firebase","firebase-functions-hash":"3bac66d97c3e37de92af15f7a78c4e30bb9a6930"},"environment":"GEN_2","url":"https://asia-southeast1-swiftstream-portal.cloudfunctions.net/mikrotikActiveSessions","satisfiesPzs":true,"createTime":"2026-09-07T00:01:45.954684495Z","satisfiesPzi":true},{"name":"projects/swiftstream-portal/locations/asia-southeast1/functions/getQueueList","buildConfig":{"build":"projects/104878342051/locations/asia-southeast1/builds/1b781d4e-fa0b-43fd-8011-d11b3c637d75","runtime":"nodejs20","entryPoint":"getQueueList","source":{"storageSource":{"bucket":"gcf-v2-sources-104878342051-asia-southeast1","object":"getQueueList/function-source.zip","generation":"1788739306381144"}},"environmentVariables":{"GOOGLE_NODE_RUN_SCRIPTS":""},"dockerRepository":"projects/swiftstream-portal/locations/asia-southeast1/repositories/gcf-artifacts","sourceProvenance":{"resolvedStorageSource":{"bucket":"gcf-v2-sources-104878342051-asia-southeast1","object":"getQueueList/function-source.zip","generation":"1788739306381144"}},"dockerRegistry":"ARTIFACT_REGISTRY","serviceAccount":"projects/swiftstream-portal/serviceAccounts/104878342051-compute@developer.gserviceaccount.com","automaticUpdatePolicy":{}},"serviceConfig":{"service":"projects/swiftstream-portal/locations/asia-southeast1/services/getqueuelist","timeoutSeconds":60,"environmentVariables":{"FIREBASE_CONFIG":"{\"projectId\":\"swiftstream-portal\",\"storageBucket\":\"swiftstream-portal.firebasestorage.app\"}","GCLOUD_PROJECT":"swiftstream-portal","EVENTARC_CLOUD_EVENT_SOURCE":"projects/swiftstream-portal/locations/asia-southeast1/services/getQueueList","FUNCTION_REGION":"asia-southeast1","FUNCTION_TARGET":"getQueueList","LOG_EXECUTION_ID":"true","FUNCTION_SIGNATURE_TYPE":"http"},"maxInstanceCount":3,"ingressSettings":"ALLOW_ALL","uri":"https://getqueuelist-httwctdbwa-as.a.run.app","serviceAccountEmail":"104878342051-compute@developer.gserviceaccount.com","availableMemory":"256Mi","allTrafficOnLatestRevision":true,"revision":"getqueuelist-00002-pos","maxInstanceRequestConcurrency":80,"availableCpu":"1"},"state":"ACTIVE","updateTime":"2026-09-07T00:02:01.814692886Z","labels":{"deployment-tool":"cli-firebase","firebase-functions-hash":"3bac66d97c3e37de92af15f7a78c4e30bb9a6930"},"environment":"GEN_2","url":"https://asia-southeast1-swiftstream-portal.cloudfunctions.net/getQueueList","satisfiesPzs":true,"createTime":"2026-08-31T14:15:32.732044241Z","satisfiesPzi":true},{"name":"projects/swiftstream-portal/locations/asia-southeast1/functions/getPppoeActive","buildConfig":{"build":"projects/104878342051/locations/asia-southeast1/builds/1b781d4e-fa0b-43fd-8011-d11b3c637d75","runtime":"nodejs20","entryPoint":"getPppoeActive","source":{"storageSource":{"bucket":"gcf-v2-sources-104878342051-asia-southeast1","object":"getPppoeActive/function-source.zip","generation":"1788739305298677"}},"environmentVariables":{"GOOGLE_NODE_RUN_SCRIPTS":""},"dockerRepository":"projects/swiftstream-portal/locations/asia-southeast1/repositories/gcf-artifacts","sourceProvenance":{"resolvedStorageSource":{"bucket":"gcf-v2-sources-104878342051-asia-southeast1","object":"getPppoeActive/function-source.zip","generation":"1788739305298677"}},"dockerRegistry":"ARTIFACT_REGISTRY","serviceAccount":"projects/swiftstream-portal/serviceAccounts/104878342051-compute@developer.gserviceaccount.com","automaticUpdatePolicy":{}},"serviceConfig":{"service":"projects/swiftstream-portal/locations/asia-southeast1/services/getpppoeactive","timeoutSeconds":60,"environmentVariables":{"FIREBASE_CONFIG":"{\"projectId\":\"swiftstream-portal\",\"storageBucket\":\"swiftstream-portal.firebasestorage.app\"}","GCLOUD_PROJECT":"swiftstream-portal","EVENTARC_CLOUD_EVENT_SOURCE":"projects/swiftstream-portal/locations/asia-southeast1/services/getPppoeActive","FUNCTION_REGION":"asia-southeast1","FUNCTION_TARGET":"getPppoeActive","LOG_EXECUTION_ID":"true","FUNCTION_SIGNATURE_TYPE":"http"},"ingressSettings":"ALLOW_ALL","uri":"https://getpppoeactive-httwctdbwa-as.a.run.app","serviceAccountEmail":"104878342051-compute@developer.gserviceaccount.com","availableMemory":"256Mi","allTrafficOnLatestRevision":true,"revision":"getpppoeactive-00001-qem","maxInstanceRequestConcurrency":80,"availableCpu":"1"},"state":"ACTIVE","updateTime":"2026-09-07T00:02:14.849796696Z","labels":{"deployment-tool":"cli-firebase","firebase-functions-hash":"3bac66d97c3e37de92af15f7a78c4e30bb9a6930"},"environment":"GEN_2","url":"https://asia-southeast1-swiftstream-portal.cloudfunctions.net/getPppoeActive","satisfiesPzs":true,"createTime":"2026-09-07T00:01:45.792852200Z","satisfiesPzi":true},{"name":"projects/swiftstream-portal/locations/asia-southeast1/functions/getSfpDiagnostics","buildConfig":{"build":"projects/104878342051/locations/asia-southeast1/builds/1b781d4e-fa0b-43fd-8011-d11b3c637d75","runtime":"nodejs20","entryPoint":"getSfpDiagnostics","source":{"storageSource":{"bucket":"gcf-v2-sources-104878342051-asia-southeast1","object":"getSfpDiagnostics/function-source.zip","generation":"1788739306625072"}},"environmentVariables":{"GOOGLE_NODE_RUN_SCRIPTS":""},"dockerRepository":"projects/swiftstream-portal/locations/asia-southeast1/repositories/gcf-artifacts","sourceProvenance":{"resolvedStorageSource":{"bucket":"gcf-v2-sources-104878342051-asia-southeast1","object":"getSfpDiagnostics/function-source.zip","generation":"1788739306625072"}},"dockerRegistry":"ARTIFACT_REGISTRY","serviceAccount":"projects/swiftstream-portal/serviceAccounts/104878342051-compute@developer.gserviceaccount.com","automaticUpdatePolicy":{}},"serviceConfig":{"service":"projects/swiftstream-portal/locations/asia-southeast1/services/getsfpdiagnostics","timeoutSeconds":60,"environmentVariables":{"FIREBASE_CONFIG":"{\"projectId\":\"swiftstream-portal\",\"storageBucket\":\"swiftstream-portal.firebasestorage.app\"}","GCLOUD_PROJECT":"swiftstream-portal","EVENTARC_CLOUD_EVENT_SOURCE":"projects/swiftstream-portal/locations/asia-southeast1/services/getSfpDiagnostics","FUNCTION_REGION":"asia-southeast1","FUNCTION_TARGET":"getSfpDiagnostics","LOG_EXECUTION_ID":"true","FUNCTION_SIGNATURE_TYPE":"http"},"maxInstanceCount":3,"ingressSettings":"ALLOW_ALL","uri":"https://getsfpdiagnostics-httwctdbwa-as.a.run.app","serviceAccountEmail":"104878342051-compute@developer.gserviceaccount.com","availableMemory":"256Mi","allTrafficOnLatestRevision":true,"revision":"getsfpdiagnostics-00002-mow","maxInstanceRequestConcurrency":80,"availableCpu":"1"},"state":"ACTIVE","updateTime":"2026-09-07T00:02:05.337095872Z","labels":{"deployment-tool":"cli-firebase","firebase-functions-hash":"3bac66d97c3e37de92af15f7a78c4e30bb9a6930"},"environment":"GEN_2","url":"https://asia-southeast1-swiftstream-portal.cloudfunctions.net/getSfpDiagnostics","satisfiesPzs":true,"createTime":"2026-08-31T14:15:32.691109628Z","satisfiesPzi":true},{"name":"projects/swiftstream-portal/locations/asia-southeast1/functions/getPppoeSecrets","buildConfig":{"build":"projects/104878342051/locations/asia-southeast1/builds/1b781d4e-fa0b-43fd-8011-d11b3c637d75","runtime":"nodejs20","entryPoint":"getPppoeSecrets","source":{"storageSource":{"bucket":"gcf-v2-sources-104878342051-asia-southeast1","object":"getPppoeSecrets/function-source.zip","generation":"1788739254050482"}},"environmentVariables":{"GOOGLE_NODE_RUN_SCRIPTS":""},"dockerRepository":"projects/swiftstream-portal/locations/asia-southeast1/repositories/gcf-artifacts","sourceProvenance":{"resolvedStorageSource":{"bucket":"gcf-v2-sources-104878342051-asia-southeast1","object":"getPppoeSecrets/function-source.zip","generation":"1788739254050482"}},"dockerRegistry":"ARTIFACT_REGISTRY","serviceAccount":"projects/swiftstream-portal/serviceAccounts/104878342051-compute@developer.gserviceaccount.com","automaticUpdatePolicy":{}},"serviceConfig":{"service":"projects/swiftstream-portal/locations/asia-southeast1/services/getpppoesecrets","timeoutSeconds":60,"environmentVariables":{"FIREBASE_CONFIG":"{\"projectId\":\"swiftstream-portal\",\"storageBucket\":\"swiftstream-portal.firebasestorage.app\"}","GCLOUD_PROJECT":"swiftstream-portal","EVENTARC_CLOUD_EVENT_SOURCE":"projects/swiftstream-portal/locations/asia-southeast1/services/getPppoeSecrets","FUNCTION_REGION":"asia-southeast1","FUNCTION_TARGET":"getPppoeSecrets","LOG_EXECUTION_ID":"true"},"ingressSettings":"ALLOW_ALL","uri":"https://getpppoesecrets-httwctdbwa-as.a.run.app","serviceAccountEmail":"104878342051-compute@developer.gserviceaccount.com","availableMemory":"256Mi","allTrafficOnLatestRevision":true,"revision":"getpppoesecrets-00001-ceg","maxInstanceRequestConcurrency":80,"availableCpu":"1"},"state":"ACTIVE","updateTime":"2026-09-07T00:01:55.035777615Z","labels":{"deployment-tool":"cli-firebase","firebase-functions-hash":"3bac66d97c3e37de92af15f7a78c4e30bb9a6930"},"environment":"GEN_2","url":"https://asia-southeast1-swiftstream-portal.cloudfunctions.net/getPppoeSecrets","satisfiesPzs":true,"createTime":"2026-09-07T00:00:54.616827757Z","satisfiesPzi":true},{"name":"projects/swiftstream-portal/locations/asia-southeast1/functions/mikrotikStream","buildConfig":{"build":"projects/104878342051/locations/asia-southeast1/builds/1b781d4e-fa0b-43fd-8011-d11b3c637d75","runtime":"nodejs20","entryPoint":"mikrotikStream","source":{"storageSource":{"bucket":"gcf-v2-sources-104878342051-asia-southeast1","object":"mikrotikStream/function-source.zip","generation":"1788739306365880"}},"environmentVariables":{"GOOGLE_NODE_RUN_SCRIPTS":""},"dockerRepository":"projects/swiftstream-portal/locations/asia-southeast1/repositories/gcf-artifacts","sourceProvenance":{"resolvedStorageSource":{"bucket":"gcf-v2-sources-104878342051-asia-southeast1","object":"mikrotikStream/function-source.zip","generation":"1788739306365880"}},"dockerRegistry":"ARTIFACT_REGISTRY","serviceAccount":"projects/swiftstream-portal/serviceAccounts/104878342051-compute@developer.gserviceaccount.com","automaticUpdatePolicy":{}},"serviceConfig":{"service":"projects/swiftstream-portal/locations/asia-southeast1/services/mikrotikstream","timeoutSeconds":300,"environmentVariables":{"FIREBASE_CONFIG":"{\"projectId\":\"swiftstream-portal\",\"storageBucket\":\"swiftstream-portal.firebasestorage.app\"}","GCLOUD_PROJECT":"swiftstream-portal","EVENTARC_CLOUD_EVENT_SOURCE":"projects/swiftstream-portal/locations/asia-southeast1/services/mikrotikStream","FUNCTION_REGION":"asia-southeast1","FUNCTION_TARGET":"mikrotikStream","LOG_EXECUTION_ID":"true","FUNCTION_SIGNATURE_TYPE":"http"},"maxInstanceCount":3,"ingressSettings":"ALLOW_ALL","uri":"https://mikrotikstream-httwctdbwa-as.a.run.app","serviceAccountEmail":"104878342051-compute@developer.gserviceaccount.com","availableMemory":"256Mi","allTrafficOnLatestRevision":true,"revision":"mikrotikstream-00002-qol","maxInstanceRequestConcurrency":80,"availableCpu":"1"},"state":"ACTIVE","updateTime":"2026-09-07T00:02:05.462841095Z","labels":{"deployment-tool":"cli-firebase","firebase-functions-hash":"3bac66d97c3e37de92af15f7a78c4e30bb9a6930"},"environment":"GEN_2","url":"https://asia-southeast1-swiftstream-portal.cloudfunctions.net/mikrotikStream","satisfiesPzs":true,"createTime":"2026-08-31T14:15:32.580674631Z","satisfiesPzi":true},{"name":"projects/swiftstream-portal/locations/asia-southeast1/functions/mikrotikCli","buildConfig":{"build":"projects/104878342051/locations/asia-southeast1/builds/1b781d4e-fa0b-43fd-8011-d11b3c637d75","runtime":"nodejs20","entryPoint":"mikrotikCli","source":{"storageSource":{"bucket":"gcf-v2-sources-104878342051-asia-southeast1","object":"mikrotikCli/function-source.zip","generation":"1788739305396538"}},"environmentVariables":{"GOOGLE_NODE_RUN_SCRIPTS":""},"dockerRepository":"projects/swiftstream-portal/locations/asia-southeast1/repositories/gcf-artifacts","sourceProvenance":{"resolvedStorageSource":{"bucket":"gcf-v2-sources-104878342051-asia-southeast1","object":"mikrotikCli/function-source.zip","generation":"1788739305396538"}},"dockerRegistry":"ARTIFACT_REGISTRY","serviceAccount":"projects/swiftstream-portal/serviceAccounts/104878342051-compute@developer.gserviceaccount.com","automaticUpdatePolicy":{}},"serviceConfig":{"service":"projects/swiftstream-portal/locations/asia-southeast1/services/mikrotikcli","timeoutSeconds":60,"environmentVariables":{"FIREBASE_CONFIG":"{\"projectId\":\"swiftstream-portal\",\"storageBucket\":\"swiftstream-portal.firebasestorage.app\"}","GCLOUD_PROJECT":"swiftstream-portal","EVENTARC_CLOUD_EVENT_SOURCE":"projects/swiftstream-portal/locations/asia-southeast1/services/mikrotikCli","FUNCTION_REGION":"asia-southeast1","FUNCTION_TARGET":"mikrotikCli","LOG_EXECUTION_ID":"true","FUNCTION_SIGNATURE_TYPE":"http"},"ingressSettings":"ALLOW_ALL","uri":"https://mikrotikcli-httwctdbwa-as.a.run.app","serviceAccountEmail":"104878342051-compute@developer.gserviceaccount.com","availableMemory":"256Mi","allTrafficOnLatestRevision":true,"revision":"mikrotikcli-00001-hih","maxInstanceRequestConcurrency":80,"availableCpu":"1"},"state":"ACTIVE","updateTime":"2026-09-07T00:02:16.845429687Z","labels":{"deployment-tool":"cli-firebase","firebase-functions-hash":"3bac66d97c3e37de92af15f7a78c4e30bb9a6930"},"environment":"GEN_2","url":"https://asia-southeast1-swiftstream-portal.cloudfunctions.net/mikrotikCli","satisfiesPzs":true,"createTime":"2026-09-07T00:01:46.228015437Z","satisfiesPzi":true},{"name":"projects/swiftstream-portal/locations/asia-southeast1/functions/xenditWebhook","buildConfig":{"build":"projects/104878342051/locations/asia-southeast1/builds/1b781d4e-fa0b-43fd-8011-d11b3c637d75","runtime":"nodejs20","entryPoint":"xenditWebhook","source":{"storageSource":{"bucket":"gcf-v2-sources-104878342051-asia-southeast1","object":"xenditWebhook/function-source.zip","generation":"1788739305466530"}},"environmentVariables":{"GOOGLE_NODE_RUN_SCRIPTS":""},"dockerRepository":"projects/swiftstream-portal/locations/asia-southeast1/repositories/gcf-artifacts","sourceProvenance":{"resolvedStorageSource":{"bucket":"gcf-v2-sources-104878342051-asia-southeast1","object":"xenditWebhook/function-source.zip","generation":"1788739305466530"}},"dockerRegistry":"ARTIFACT_REGISTRY","serviceAccount":"projects/swiftstream-portal/serviceAccounts/104878342051-compute@developer.gserviceaccount.com","automaticUpdatePolicy":{}},"serviceConfig":{"service":"projects/swiftstream-portal/locations/asia-southeast1/services/xenditwebhook","timeoutSeconds":60,"environmentVariables":{"FIREBASE_CONFIG":"{\"projectId\":\"swiftstream-portal\",\"storageBucket\":\"swiftstream-portal.firebasestorage.app\"}","GCLOUD_PROJECT":"swiftstream-portal","EVENTARC_CLOUD_EVENT_SOURCE":"projects/swiftstream-portal/locations/asia-southeast1/services/xenditWebhook","FUNCTION_REGION":"asia-southeast1","FUNCTION_TARGET":"xenditWebhook","LOG_EXECUTION_ID":"true","FUNCTION_SIGNATURE_TYPE":"http"},"ingressSettings":"ALLOW_ALL","uri":"https://xenditwebhook-httwctdbwa-as.a.run.app","serviceAccountEmail":"104878342051-compute@developer.gserviceaccount.com","availableMemory":"256Mi","allTrafficOnLatestRevision":true,"revision":"xenditwebhook-00001-mil","maxInstanceRequestConcurrency":80,"availableCpu":"1"},"state":"ACTIVE","updateTime":"2026-09-07T00:02:01.215216516Z","labels":{"deployment-tool":"cli-firebase","firebase-functions-hash":"3bac66d97c3e37de92af15f7a78c4e30bb9a6930"},"environment":"GEN_2","url":"https://asia-southeast1-swiftstream-portal.cloudfunctions.net/xenditWebhook","satisfiesPzs":true,"createTime":"2026-09-07T00:01:46.031574806Z","satisfiesPzi":true},{"name":"projects/swiftstream-portal/locations/asia-southeast1/functions/mikrotikProxy","buildConfig":{"build":"projects/104878342051/locations/asia-southeast1/builds/1b781d4e-fa0b-43fd-8011-d11b3c637d75","runtime":"nodejs20","entryPoint":"mikrotikProxy","source":{"storageSource":{"bucket":"gcf-v2-sources-104878342051-asia-southeast1","object":"mikrotikProxy/function-source.zip","generation":"1788739305176552"}},"environmentVariables":{"GOOGLE_NODE_RUN_SCRIPTS":""},"dockerRepository":"projects/swiftstream-portal/locations/asia-southeast1/repositories/gcf-artifacts","sourceProvenance":{"resolvedStorageSource":{"bucket":"gcf-v2-sources-104878342051-asia-southeast1","object":"mikrotikProxy/function-source.zip","generation":"1788739305176552"}},"dockerRegistry":"ARTIFACT_REGISTRY","serviceAccount":"projects/swiftstream-portal/serviceAccounts/104878342051-compute@developer.gserviceaccount.com","automaticUpdatePolicy":{}},"serviceConfig":{"service":"projects/swiftstream-portal/locations/asia-southeast1/services/mikrotikproxy","timeoutSeconds":60,"environmentVariables":{"FIREBASE_CONFIG":"{\"projectId\":\"swiftstream-portal\",\"storageBucket\":\"swiftstream-portal.firebasestorage.app\"}","GCLOUD_PROJECT":"swiftstream-portal","EVENTARC_CLOUD_EVENT_SOURCE":"projects/swiftstream-portal/locations/asia-southeast1/services/mikrotikProxy","FUNCTION_REGION":"asia-southeast1","FUNCTION_TARGET":"mikrotikProxy","LOG_EXECUTION_ID":"true","FUNCTION_SIGNATURE_TYPE":"http"},"ingressSettings":"ALLOW_ALL","uri":"https://mikrotikproxy-httwctdbwa-as.a.run.app","serviceAccountEmail":"104878342051-compute@developer.gserviceaccount.com","availableMemory":"256Mi","allTrafficOnLatestRevision":true,"revision":"mikrotikproxy-00001-der","maxInstanceRequestConcurrency":80,"availableCpu":"1"},"state":"ACTIVE","updateTime":"2026-09-07T00:01:56.025237849Z","labels":{"deployment-tool":"cli-firebase","firebase-functions-hash":"3bac66d97c3e37de92af15f7a78c4e30bb9a6930"},"environment":"GEN_2","url":"https://asia-southeast1-swiftstream-portal.cloudfunctions.net/mikrotikProxy","satisfiesPzs":true,"createTime":"2026-09-07T00:01:45.792550818Z","satisfiesPzi":true},{"name":"projects/swiftstream-portal/locations/asia-southeast1/functions/mikrotikKickSession","buildConfig":{"build":"projects/104878342051/locations/asia-southeast1/builds/1b781d4e-fa0b-43fd-8011-d11b3c637d75","runtime":"nodejs20","entryPoint":"mikrotikKickSession","source":{"storageSource":{"bucket":"gcf-v2-sources-104878342051-asia-southeast1","object":"mikrotikKickSession/function-source.zip","generation":"1788739306788478"}},"environmentVariables":{"GOOGLE_NODE_RUN_SCRIPTS":""},"dockerRepository":"projects/swiftstream-portal/locations/asia-southeast1/repositories/gcf-artifacts","sourceProvenance":{"resolvedStorageSource":{"bucket":"gcf-v2-sources-104878342051-asia-southeast1","object":"mikrotikKickSession/function-source.zip","generation":"1788739306788478"}},"dockerRegistry":"ARTIFACT_REGISTRY","serviceAccount":"projects/swiftstream-portal/serviceAccounts/104878342051-compute@developer.gserviceaccount.com","automaticUpdatePolicy":{}},"serviceConfig":{"service":"projects/swiftstream-portal/locations/asia-southeast1/services/mikrotikkicksession","timeoutSeconds":60,"environmentVariables":{"FIREBASE_CONFIG":"{\"projectId\":\"swiftstream-portal\",\"storageBucket\":\"swiftstream-portal.firebasestorage.app\"}","GCLOUD_PROJECT":"swiftstream-portal","EVENTARC_CLOUD_EVENT_SOURCE":"projects/swiftstream-portal/locations/asia-southeast1/services/mikrotikKickSession","FUNCTION_REGION":"asia-southeast1","FUNCTION_TARGET":"mikrotikKickSession","LOG_EXECUTION_ID":"true","FUNCTION_SIGNATURE_TYPE":"http"},"maxInstanceCount":3,"ingressSettings":"ALLOW_ALL","uri":"https://mikrotikkicksession-httwctdbwa-as.a.run.app","serviceAccountEmail":"104878342051-compute@developer.gserviceaccount.com","availableMemory":"256Mi","allTrafficOnLatestRevision":true,"revision":"mikrotikkicksession-00002-xex","maxInstanceRequestConcurrency":80,"availableCpu":"1"},"state":"ACTIVE","updateTime":"2026-09-07T00:02:05.738705355Z","labels":{"deployment-tool":"cli-firebase","firebase-functions-hash":"3bac66d97c3e37de92af15f7a78c4e30bb9a6930"},"environment":"GEN_2","url":"https://asia-southeast1-swiftstream-portal.cloudfunctions.net/mikrotikKickSession","satisfiesPzs":true,"createTime":"2026-08-31T14:15:32.423560452Z","satisfiesPzi":true},{"name":"projects/swiftstream-portal/locations/asia-southeast1/functions/xenditInvoiceStatus","buildConfig":{"build":"projects/104878342051/locations/asia-southeast1/builds/1b781d4e-fa0b-43fd-8011-d11b3c637d75","runtime":"nodejs20","entryPoint":"xenditInvoiceStatus","source":{"storageSource":{"bucket":"gcf-v2-sources-104878342051-asia-southeast1","object":"xenditInvoiceStatus/function-source.zip","generation":"1788739305169874"}},"environmentVariables":{"GOOGLE_NODE_RUN_SCRIPTS":""},"dockerRepository":"projects/swiftstream-portal/locations/asia-southeast1/repositories/gcf-artifacts","sourceProvenance":{"resolvedStorageSource":{"bucket":"gcf-v2-sources-104878342051-asia-southeast1","object":"xenditInvoiceStatus/function-source.zip","generation":"1788739305169874"}},"dockerRegistry":"ARTIFACT_REGISTRY","serviceAccount":"projects/swiftstream-portal/serviceAccounts/104878342051-compute@developer.gserviceaccount.com","automaticUpdatePolicy":{}},"serviceConfig":{"service":"projects/swiftstream-portal/locations/asia-southeast1/services/xenditinvoicestatus","timeoutSeconds":60,"environmentVariables":{"FIREBASE_CONFIG":"{\"projectId\":\"swiftstream-portal\",\"storageBucket\":\"swiftstream-portal.firebasestorage.app\"}","GCLOUD_PROJECT":"swiftstream-portal","EVENTARC_CLOUD_EVENT_SOURCE":"projects/swiftstream-portal/locations/asia-southeast1/services/xenditInvoiceStatus","FUNCTION_REGION":"asia-southeast1","FUNCTION_TARGET":"xenditInvoiceStatus","LOG_EXECUTION_ID":"true","FUNCTION_SIGNATURE_TYPE":"http"},"ingressSettings":"ALLOW_ALL","uri":"https://xenditinvoicestatus-httwctdbwa-as.a.run.app","serviceAccountEmail":"104878342051-compute@developer.gserviceaccount.com","availableMemory":"256Mi","allTrafficOnLatestRevision":true,"revision":"xenditinvoicestatus-00001-qox","maxInstanceRequestConcurrency":80,"availableCpu":"1"},"state":"ACTIVE","updateTime":"2026-09-07T00:01:54.066091043Z","labels":{"firebase-functions-hash":"3bac66d97c3e37de92af15f7a78c4e30bb9a6930","deployment-tool":"cli-firebase"},"environment":"GEN_2","url":"https://asia-southeast1-swiftstream-portal.cloudfunctions.net/xenditInvoiceStatus","satisfiesPzs":true,"createTime":"2026-09-07T00:01:45.799624549Z","satisfiesPzi":true},{"name":"projects/swiftstream-portal/locations/asia-southeast1/functions/mikrotikInterfaces","buildConfig":{"build":"projects/104878342051/locations/asia-southeast1/builds/1b781d4e-fa0b-43fd-8011-d11b3c637d75","runtime":"nodejs20","entryPoint":"mikrotikInterfaces","source":{"storageSource":{"bucket":"gcf-v2-sources-104878342051-asia-southeast1","object":"mikrotikInterfaces/function-source.zip","generation":"1788739306365935"}},"environmentVariables":{"GOOGLE_NODE_RUN_SCRIPTS":""},"dockerRepository":"projects/swiftstream-portal/locations/asia-southeast1/repositories/gcf-artifacts","serviceAccount":"projects/swiftstream-portal/serviceAccounts/104878342051-compute@developer.gserviceaccount.com","automaticUpdatePolicy":{}},"serviceConfig":{"service":"projects/swiftstream-portal/locations/asia-southeast1/services/mikrotikinterfaces","timeoutSeconds":60,"environmentVariables":{"FIREBASE_CONFIG":"{\"projectId\":\"swiftstream-portal\",\"storageBucket\":\"swiftstream-portal.firebasestorage.app\"}","GCLOUD_PROJECT":"swiftstream-portal","EVENTARC_CLOUD_EVENT_SOURCE":"projects/swiftstream-portal/locations/asia-southeast1/services/mikrotikInterfaces","FUNCTION_REGION":"asia-southeast1","FUNCTION_TARGET":"mikrotikInterfaces","LOG_EXECUTION_ID":"true","FUNCTION_SIGNATURE_TYPE":"http"},"maxInstanceCount":3,"ingressSettings":"ALLOW_ALL","uri":"https://mikrotikinterfaces-httwctdbwa-as.a.run.app","serviceAccountEmail":"104878342051-compute@developer.gserviceaccount.com","availableMemory":"256Mi","allTrafficOnLatestRevision":true,"revision":"mikrotikinterfaces-00002-nux","maxInstanceRequestConcurrency":80,"availableCpu":"1"},"state":"ACTIVE","updateTime":"2026-09-07T00:02:06.475832336Z","labels":{"deployment-tool":"cli-firebase","firebase-functions-hash":"3bac66d97c3e37de92af15f7a78c4e30bb9a6930"},"environment":"GEN_2","url":"https://asia-southeast1-swiftstream-portal.cloudfunctions.net/mikrotikInterfaces","satisfiesPzs":true,"createTime":"2026-08-31T14:15:32.360153664Z","satisfiesPzi":true},{"name":"projects/swiftstream-portal/locations/asia-southeast1/functions/getInterfaceTraffic","buildConfig":{"build":"projects/104878342051/locations/asia-southeast1/builds/1b781d4e-fa0b-43fd-8011-d11b3c637d75","runtime":"nodejs20","entryPoint":"getInterfaceTraffic","source":{"storageSource":{"bucket":"gcf-v2-sources-104878342051-asia-southeast1","object":"getInterfaceTraffic/function-source.zip","generation":"1788739306748789"}},"environmentVariables":{"GOOGLE_NODE_RUN_SCRIPTS":""},"dockerRepository":"projects/swiftstream-portal/locations/asia-southeast1/repositories/gcf-artifacts","sourceProvenance":{"resolvedStorageSource":{"bucket":"gcf-v2-sources-104878342051-asia-southeast1","object":"getInterfaceTraffic/function-source.zip","generation":"1788739306748789"}},"dockerRegistry":"ARTIFACT_REGISTRY","serviceAccount":"projects/swiftstream-portal/serviceAccounts/104878342051-compute@developer.gserviceaccount.com","automaticUpdatePolicy":{}},"serviceConfig":{"service":"projects/swiftstream-portal/locations/asia-southeast1/services/getinterfacetraffic","timeoutSeconds":60,"environmentVariables":{"FIREBASE_CONFIG":"{\"projectId\":\"swiftstream-portal\",\"storageBucket\":\"swiftstream-portal.firebasestorage.app\"}","GCLOUD_PROJECT":"swiftstream-portal","EVENTARC_CLOUD_EVENT_SOURCE":"projects/swiftstream-portal/locations/asia-southeast1/services/getInterfaceTraffic","FUNCTION_REGION":"asia-southeast1","FUNCTION_TARGET":"getInterfaceTraffic","LOG_EXECUTION_ID":"true","FUNCTION_SIGNATURE_TYPE":"http"},"maxInstanceCount":3,"ingressSettings":"ALLOW_ALL","uri":"https://getinterfacetraffic-httwctdbwa-as.a.run.app","serviceAccountEmail":"104878342051-compute@developer.gserviceaccount.com","availableMemory":"256Mi","allTrafficOnLatestRevision":true,"revision":"getinterfacetraffic-00002-cub","maxInstanceRequestConcurrency":80,"availableCpu":"1"},"state":"ACTIVE","updateTime":"2026-09-07T00:01:55.021867833Z","labels":{"firebase-functions-hash":"3bac66d97c3e37de92af15f7a78c4e30bb9a6930","deployment-tool":"cli-firebase"},"environment":"GEN_2","url":"https://asia-southeast1-swiftstream-portal.cloudfunctions.net/getInterfaceTraffic","satisfiesPzs":true,"createTime":"2026-08-31T14:15:32.569074167Z","satisfiesPzi":true},{"name":"projects/swiftstream-portal/locations/asia-southeast1/functions/xenditCreateInvoice","buildConfig":{"build":"projects/104878342051/locations/asia-southeast1/builds/1b781d4e-fa0b-43fd-8011-d11b3c637d75","runtime":"nodejs20","entryPoint":"xenditCreateInvoice","source":{"storageSource":{"bucket":"gcf-v2-sources-104878342051-asia-southeast1","object":"xenditCreateInvoice/function-source.zip","generation":"1788739305605454"}},"environmentVariables":{"GOOGLE_NODE_RUN_SCRIPTS":""},"dockerRepository":"projects/swiftstream-portal/locations/asia-southeast1/repositories/gcf-artifacts","sourceProvenance":{"resolvedStorageSource":{"bucket":"gcf-v2-sources-104878342051-asia-southeast1","object":"xenditCreateInvoice/function-source.zip","generation":"1788739305605454"}},"dockerRegistry":"ARTIFACT_REGISTRY","serviceAccount":"projects/swiftstream-portal/serviceAccounts/104878342051-compute@developer.gserviceaccount.com","automaticUpdatePolicy":{}},"serviceConfig":{"service":"projects/swiftstream-portal/locations/asia-southeast1/services/xenditcreateinvoice","timeoutSeconds":60,"environmentVariables":{"FIREBASE_CONFIG":"{\"projectId\":\"swiftstream-portal\",\"storageBucket\":\"swiftstream-portal.firebasestorage.app\"}","GCLOUD_PROJECT":"swiftstream-portal","EVENTARC_CLOUD_EVENT_SOURCE":"projects/swiftstream-portal/locations/asia-southeast1/services/xenditCreateInvoice","FUNCTION_REGION":"asia-southeast1","FUNCTION_TARGET":"xenditCreateInvoice","LOG_EXECUTION_ID":"true","FUNCTION_SIGNATURE_TYPE":"http"},"ingressSettings":"ALLOW_ALL","serviceAccountEmail":"104878342051-compute@developer.gserviceaccount.com","availableMemory":"256Mi","allTrafficOnLatestRevision":true,"revision":"xenditcreateinvoice-00001-qob","maxInstanceRequestConcurrency":80,"availableCpu":"1"},"state":"FAILED","updateTime":"2026-09-07T00:02:07.001837Z","labels":{"firebase-functions-hash":"3bac66d97c3e37de92af15f7a78c4e30bb9a6930","deployment-tool":"cli-firebase"},"environment":"GEN_2","url":"https://asia-southeast1-swiftstream-portal.cloudfunctions.net/xenditCreateInvoice","satisfiesPzs":true,"createTime":"2026-09-07T00:01:46.422966441Z","satisfiesPzi":true},{"name":"projects/swiftstream-portal/locations/asia-southeast1/functions/mikrotikTelemetry","buildConfig":{"build":"projects/104878342051/locations/asia-southeast1/builds/1b781d4e-fa0b-43fd-8011-d11b3c637d75","runtime":"nodejs20","entryPoint":"mikrotikTelemetry","source":{"storageSource":{"bucket":"gcf-v2-sources-104878342051-asia-southeast1","object":"mikrotikTelemetry/function-source.zip","generation":"1788739306587402"}},"environmentVariables":{"GOOGLE_NODE_RUN_SCRIPTS":""},"dockerRepository":"projects/swiftstream-portal/locations/asia-southeast1/repositories/gcf-artifacts","sourceProvenance":{"resolvedStorageSource":{"bucket":"gcf-v2-sources-104878342051-asia-southeast1","object":"mikrotikTelemetry/function-source.zip","generation":"1788739306587402"}},"dockerRegistry":"ARTIFACT_REGISTRY","serviceAccount":"projects/swiftstream-portal/serviceAccounts/104878342051-compute@developer.gserviceaccount.com","automaticUpdatePolicy":{}},"serviceConfig":{"service":"projects/swiftstream-portal/locations/asia-southeast1/services/mikrotiktelemetry","timeoutSeconds":60,"environmentVariables":{"FIREBASE_CONFIG":"{\"projectId\":\"swiftstream-portal\",\"storageBucket\":\"swiftstream-portal.firebasestorage.app\"}","GCLOUD_PROJECT":"swiftstream-portal","EVENTARC_CLOUD_EVENT_SOURCE":"projects/swiftstream-portal/locations/asia-southeast1/services/mikrotikTelemetry","FUNCTION_REGION":"asia-southeast1","FUNCTION_TARGET":"mikrotikTelemetry","LOG_EXECUTION_ID":"true","FUNCTION_SIGNATURE_TYPE":"http"},"maxInstanceCount":3,"ingressSettings":"ALLOW_ALL","uri":"https://mikrotiktelemetry-httwctdbwa-as.a.run.app","serviceAccountEmail":"104878342051-compute@developer.gserviceaccount.com","availableMemory":"256Mi","allTrafficOnLatestRevision":true,"revision":"mikrotiktelemetry-00002-wod","maxInstanceRequestConcurrency":80,"availableCpu":"1"},"state":"ACTIVE","updateTime":"2026-09-07T00:02:00.312902057Z","labels":{"firebase-functions-hash":"3bac66d97c3e37de92af15f7a78c4e30bb9a6930","deployment-tool":"cli-firebase"},"environment":"GEN_2","url":"https://asia-southeast1-swiftstream-portal.cloudfunctions.net/mikrotikTelemetry","satisfiesPzs":true,"createTime":"2026-08-31T14:14:52.882063241Z","satisfiesPzi":true},{"name":"projects/swiftstream-portal/locations/asia-southeast1/functions/deleteUserAccount","buildConfig":{"build":"projects/104878342051/locations/asia-southeast1/builds/ca38bf2d-6979-465d-a737-d61383e7b447","runtime":"nodejs20","entryPoint":"deleteUserAccount","source":{"storageSource":{"bucket":"gcf-v2-sources-104878342051-asia-southeast1","object":"deleteUserAccount/function-source.zip","generation":"1789176924949060"}},"environmentVariables":{"GOOGLE_NODE_RUN_SCRIPTS":""},"dockerRepository":"projects/swiftstream-portal/locations/asia-southeast1/repositories/gcf-artifacts","sourceProvenance":{"resolvedStorageSource":{"bucket":"gcf-v2-sources-104878342051-asia-southeast1","object":"deleteUserAccount/function-source.zip","generation":"1789176924949060"}},"dockerRegistry":"ARTIFACT_REGISTRY","serviceAccount":"projects/swiftstream-portal/serviceAccounts/104878342051-compute@developer.gserviceaccount.com","automaticUpdatePolicy":{}},"serviceConfig":{"service":"projects/swiftstream-portal/locations/asia-southeast1/services/deleteuseraccount","timeoutSeconds":60,"environmentVariables":{"FIREBASE_CONFIG":"{\"projectId\":\"swiftstream-portal\",\"storageBucket\":\"swiftstream-portal.firebasestorage.app\"}","GCLOUD_PROJECT":"swiftstream-portal","EVENTARC_CLOUD_EVENT_SOURCE":"projects/swiftstream-portal/locations/asia-southeast1/services/deleteUserAccount","FUNCTION_REGION":"asia-southeast1","FUNCTION_TARGET":"deleteUserAccount","LOG_EXECUTION_ID":"true"},"maxInstanceCount":3,"ingressSettings":"ALLOW_ALL","uri":"https://deleteuseraccount-httwctdbwa-as.a.run.app","serviceAccountEmail":"104878342051-compute@developer.gserviceaccount.com","availableMemory":"256Mi","allTrafficOnLatestRevision":true,"revision":"deleteuseraccount-00002-fuh","maxInstanceRequestConcurrency":80,"availableCpu":"1"},"state":"ACTIVE","updateTime":"2026-09-12T01:36:17.045877175Z","labels":{"deployment-tool":"cli-firebase","firebase-functions-hash":"17a35e2869eb101b301a4eb29d1221135447b573"},"environment":"GEN_2","url":"https://asia-southeast1-swiftstream-portal.cloudfunctions.net/deleteUserAccount","satisfiesPzs":true,"createTime":"2026-09-12T01:30:00.304154968Z","satisfiesPzi":true},{"name":"projects/swiftstream-portal/locations/asia-southeast1/functions/mikrotikTest","buildConfig":{"build":"projects/104878342051/locations/asia-southeast1/builds/1b781d4e-fa0b-43fd-8011-d11b3c637d75","runtime":"nodejs20","entryPoint":"mikrotikTest","source":{"storageSource":{"bucket":"gcf-v2-sources-104878342051-asia-southeast1","object":"mikrotikTest/function-source.zip","generation":"1788739306607137"}},"environmentVariables":{"GOOGLE_NODE_RUN_SCRIPTS":""},"dockerRepository":"projects/swiftstream-portal/locations/asia-southeast1/repositories/gcf-artifacts","sourceProvenance":{"resolvedStorageSource":{"bucket":"gcf-v2-sources-104878342051-asia-southeast1","object":"mikrotikTest/function-source.zip","generation":"1788739306607137"}},"dockerRegistry":"ARTIFACT_REGISTRY","serviceAccount":"projects/swiftstream-portal/serviceAccounts/104878342051-compute@developer.gserviceaccount.com","automaticUpdatePolicy":{}},"serviceConfig":{"service":"projects/swiftstream-portal/locations/asia-southeast1/services/mikrotiktest","timeoutSeconds":60,"environmentVariables":{"FIREBASE_CONFIG":"{\"projectId\":\"swiftstream-portal\",\"storageBucket\":\"swiftstream-portal.firebasestorage.app\"}","GCLOUD_PROJECT":"swiftstream-portal","EVENTARC_CLOUD_EVENT_SOURCE":"projects/swiftstream-portal/locations/asia-southeast1/services/mikrotikTest","FUNCTION_TARGET":"mikrotikTest","LOG_EXECUTION_ID":"true","FUNCTION_REGION":"asia-southeast1","FUNCTION_SIGNATURE_TYPE":"http"},"maxInstanceCount":3,"ingressSettings":"ALLOW_ALL","uri":"https://mikrotiktest-httwctdbwa-as.a.run.app","serviceAccountEmail":"104878342051-compute@developer.gserviceaccount.com","availableMemory":"256Mi","allTrafficOnLatestRevision":true,"revision":"mikrotiktest-00003-wag","maxInstanceRequestConcurrency":80,"availableCpu":"1"},"state":"ACTIVE","updateTime":"2026-09-07T00:01:59.923678030Z","labels":{"firebase-functions-hash":"3bac66d97c3e37de92af15f7a78c4e30bb9a6930","deployment-tool":"cli-firebase"},"environment":"GEN_2","url":"https://asia-southeast1-swiftstream-portal.cloudfunctions.net/mikrotikTest","satisfiesPzs":true,"createTime":"2026-08-29T13:07:48.365166590Z","satisfiesPzi":true},{"name":"projects/swiftstream-portal/locations/asia-southeast1/functions/mikrotikSecrets","buildConfig":{"build":"projects/104878342051/locations/asia-southeast1/builds/1b781d4e-fa0b-43fd-8011-d11b3c637d75","runtime":"nodejs20","entryPoint":"mikrotikSecrets","source":{"storageSource":{"bucket":"gcf-v2-sources-104878342051-asia-southeast1","object":"mikrotikSecrets/function-source.zip","generation":"1788739305208621"}},"environmentVariables":{"GOOGLE_NODE_RUN_SCRIPTS":""},"dockerRepository":"projects/swiftstream-portal/locations/asia-southeast1/repositories/gcf-artifacts","sourceProvenance":{"resolvedStorageSource":{"bucket":"gcf-v2-sources-104878342051-asia-southeast1","object":"mikrotikSecrets/function-source.zip","generation":"1788739305208621"}},"dockerRegistry":"ARTIFACT_REGISTRY","serviceAccount":"projects/swiftstream-portal/serviceAccounts/104878342051-compute@developer.gserviceaccount.com","automaticUpdatePolicy":{}},"state":"FAILED","updateTime":"2026-09-07T00:02:17.263424652Z","labels":{"deployment-tool":"cli-firebase","firebase-functions-hash":"3bac66d97c3e37de92af15f7a78c4e30bb9a6930"},"stateMessages":[{"severity":"ERROR","type":"CloudRunServiceNotFound","message":"Cloud Run service projects/swiftstream-portal/locations/asia-southeast1/services/mikrotiksecrets for the function was not found. The function will not work correctly. Please redeploy."}],"environment":"GEN_2","url":"https://asia-southeast1-swiftstream-portal.cloudfunctions.net/mikrotikSecrets","satisfiesPzs":true,"createTime":"2026-09-07T00:01:45.823279550Z","satisfiesPzi":true},{"name":"projects/swiftstream-portal/locations/asia-southeast1/functions/getMikrotikInterfaces","buildConfig":{"build":"projects/104878342051/locations/asia-southeast1/builds/1b781d4e-fa0b-43fd-8011-d11b3c637d75","runtime":"nodejs20","entryPoint":"getMikrotikInterfaces","source":{"storageSource":{"bucket":"gcf-v2-sources-104878342051-asia-southeast1","object":"getMikrotikInterfaces/function-source.zip","generation":"1788739306430305"}},"environmentVariables":{"GOOGLE_NODE_RUN_SCRIPTS":""},"dockerRepository":"projects/swiftstream-portal/locations/asia-southeast1/repositories/gcf-artifacts","sourceProvenance":{"resolvedStorageSource":{"bucket":"gcf-v2-sources-104878342051-asia-southeast1","object":"getMikrotikInterfaces/function-source.zip","generation":"1788739306430305"}},"dockerRegistry":"ARTIFACT_REGISTRY","serviceAccount":"projects/swiftstream-portal/serviceAccounts/104878342051-compute@developer.gserviceaccount.com","automaticUpdatePolicy":{}},"serviceConfig":{"service":"projects/swiftstream-portal/locations/asia-southeast1/services/getmikrotikinterfaces","timeoutSeconds":60,"environmentVariables":{"FIREBASE_CONFIG":"{\"projectId\":\"swiftstream-portal\",\"storageBucket\":\"swiftstream-portal.firebasestorage.app\"}","GCLOUD_PROJECT":"swiftstream-portal","EVENTARC_CLOUD_EVENT_SOURCE":"projects/swiftstream-portal/locations/asia-southeast1/services/getMikrotikInterfaces","FUNCTION_REGION":"asia-southeast1","FUNCTION_TARGET":"getMikrotikInterfaces","LOG_EXECUTION_ID":"true","FUNCTION_SIGNATURE_TYPE":"http"},"maxInstanceCount":3,"ingressSettings":"ALLOW_ALL","uri":"https://getmikrotikinterfaces-httwctdbwa-as.a.run.app","serviceAccountEmail":"104878342051-compute@developer.gserviceaccount.com","availableMemory":"256Mi","allTrafficOnLatestRevision":true,"revision":"getmikrotikinterfaces-00002-nuw","maxInstanceRequestConcurrency":80,"availableCpu":"1"},"state":"ACTIVE","updateTime":"2026-09-07T00:02:00.529808978Z","labels":{"deployment-tool":"cli-firebase","firebase-functions-hash":"3bac66d97c3e37de92af15f7a78c4e30bb9a6930"},"environment":"GEN_2","url":"https://asia-southeast1-swiftstream-portal.cloudfunctions.net/getMikrotikInterfaces","satisfiesPzs":true,"createTime":"2026-08-31T14:15:32.541613896Z","satisfiesPzi":true},{"name":"projects/swiftstream-portal/locations/asia-southeast1/functions/mikrotikPppoeSync","buildConfig":{"build":"projects/104878342051/locations/asia-southeast1/builds/1b781d4e-fa0b-43fd-8011-d11b3c637d75","runtime":"nodejs20","entryPoint":"mikrotikPppoeSync","source":{"storageSource":{"bucket":"gcf-v2-sources-104878342051-asia-southeast1","object":"mikrotikPppoeSync/function-source.zip","generation":"1788739306430672"}},"environmentVariables":{"GOOGLE_NODE_RUN_SCRIPTS":""},"dockerRepository":"projects/swiftstream-portal/locations/asia-southeast1/repositories/gcf-artifacts","sourceProvenance":{"resolvedStorageSource":{"bucket":"gcf-v2-sources-104878342051-asia-southeast1","object":"mikrotikPppoeSync/function-source.zip","generation":"1788739306430672"}},"dockerRegistry":"ARTIFACT_REGISTRY","serviceAccount":"projects/swiftstream-portal/serviceAccounts/104878342051-compute@developer.gserviceaccount.com","automaticUpdatePolicy":{}},"serviceConfig":{"service":"projects/swiftstream-portal/locations/asia-southeast1/services/mikrotikpppoesync","timeoutSeconds":60,"environmentVariables":{"FIREBASE_CONFIG":"{\"projectId\":\"swiftstream-portal\",\"storageBucket\":\"swiftstream-portal.firebasestorage.app\"}","GCLOUD_PROJECT":"swiftstream-portal","EVENTARC_CLOUD_EVENT_SOURCE":"projects/swiftstream-portal/locations/asia-southeast1/services/mikrotikPppoeSync","FUNCTION_REGION":"asia-southeast1","FUNCTION_TARGET":"mikrotikPppoeSync","LOG_EXECUTION_ID":"true","FUNCTION_SIGNATURE_TYPE":"http"},"maxInstanceCount":3,"ingressSettings":"ALLOW_ALL","uri":"https://mikrotikpppoesync-httwctdbwa-as.a.run.app","serviceAccountEmail":"104878342051-compute@developer.gserviceaccount.com","availableMemory":"256Mi","allTrafficOnLatestRevision":true,"revision":"mikrotikpppoesync-00002-yon","maxInstanceRequestConcurrency":80,"availableCpu":"1"},"state":"ACTIVE","updateTime":"2026-09-07T00:02:04.963555137Z","labels":{"firebase-functions-hash":"3bac66d97c3e37de92af15f7a78c4e30bb9a6930","deployment-tool":"cli-firebase"},"environment":"GEN_2","url":"https://asia-southeast1-swiftstream-portal.cloudfunctions.net/mikrotikPppoeSync","satisfiesPzs":true,"createTime":"2026-08-31T14:15:32.607298008Z","satisfiesPzi":true},{"name":"projects/swiftstream-portal/locations/asia-southeast1/functions/getInterfaces","buildConfig":{"build":"projects/104878342051/locations/asia-southeast1/builds/1b781d4e-fa0b-43fd-8011-d11b3c637d75","runtime":"nodejs20","entryPoint":"getInterfaces","source":{"storageSource":{"bucket":"gcf-v2-sources-104878342051-asia-southeast1","object":"getInterfaces/function-source.zip","generation":"1788739306572675"}},"environmentVariables":{"GOOGLE_NODE_RUN_SCRIPTS":""},"dockerRepository":"projects/swiftstream-portal/locations/asia-southeast1/repositories/gcf-artifacts","sourceProvenance":{"resolvedStorageSource":{"bucket":"gcf-v2-sources-104878342051-asia-southeast1","object":"getInterfaces/function-source.zip","generation":"1788739306572675"}},"dockerRegistry":"ARTIFACT_REGISTRY","serviceAccount":"projects/swiftstream-portal/serviceAccounts/104878342051-compute@developer.gserviceaccount.com","automaticUpdatePolicy":{}},"serviceConfig":{"service":"projects/swiftstream-portal/locations/asia-southeast1/services/getinterfaces","timeoutSeconds":60,"environmentVariables":{"FIREBASE_CONFIG":"{\"projectId\":\"swiftstream-portal\",\"storageBucket\":\"swiftstream-portal.firebasestorage.app\"}","GCLOUD_PROJECT":"swiftstream-portal","EVENTARC_CLOUD_EVENT_SOURCE":"projects/swiftstream-portal/locations/asia-southeast1/services/getInterfaces","FUNCTION_REGION":"asia-southeast1","FUNCTION_TARGET":"getInterfaces","LOG_EXECUTION_ID":"true","FUNCTION_SIGNATURE_TYPE":"http"},"maxInstanceCount":3,"ingressSettings":"ALLOW_ALL","uri":"https://getinterfaces-httwctdbwa-as.a.run.app","serviceAccountEmail":"104878342051-compute@developer.gserviceaccount.com","availableMemory":"256Mi","allTrafficOnLatestRevision":true,"revision":"getinterfaces-00002-net","maxInstanceRequestConcurrency":80,"availableCpu":"1"},"state":"ACTIVE","updateTime":"2026-09-07T00:01:57.724748957Z","labels":{"deployment-tool":"cli-firebase","firebase-functions-hash":"3bac66d97c3e37de92af15f7a78c4e30bb9a6930"},"environment":"GEN_2","url":"https://asia-southeast1-swiftstream-portal.cloudfunctions.net/getInterfaces","satisfiesPzs":true,"createTime":"2026-08-31T14:15:32.576854675Z","satisfiesPzi":true},{"name":"projects/swiftstream-portal/locations/asia-southeast1/functions/getPppoeProfiles","buildConfig":{"build":"projects/104878342051/locations/asia-southeast1/builds/1b781d4e-fa0b-43fd-8011-d11b3c637d75","runtime":"nodejs20","entryPoint":"getPppoeProfiles","source":{"storageSource":{"bucket":"gcf-v2-sources-104878342051-asia-southeast1","object":"getPppoeProfiles/function-source.zip","generation":"1788739305484000"}},"environmentVariables":{"GOOGLE_NODE_RUN_SCRIPTS":""},"dockerRepository":"projects/swiftstream-portal/locations/asia-southeast1/repositories/gcf-artifacts","sourceProvenance":{"resolvedStorageSource":{"bucket":"gcf-v2-sources-104878342051-asia-southeast1","object":"getPppoeProfiles/function-source.zip","generation":"1788739305484000"}},"dockerRegistry":"ARTIFACT_REGISTRY","serviceAccount":"projects/swiftstream-portal/serviceAccounts/104878342051-compute@developer.gserviceaccount.com","automaticUpdatePolicy":{}},"serviceConfig":{"service":"projects/swiftstream-portal/locations/asia-southeast1/services/getpppoeprofiles","timeoutSeconds":60,"environmentVariables":{"FIREBASE_CONFIG":"{\"projectId\":\"swiftstream-portal\",\"storageBucket\":\"swiftstream-portal.firebasestorage.app\"}","GCLOUD_PROJECT":"swiftstream-portal","EVENTARC_CLOUD_EVENT_SOURCE":"projects/swiftstream-portal/locations/asia-southeast1/services/getPppoeProfiles","FUNCTION_REGION":"asia-southeast1","FUNCTION_TARGET":"getPppoeProfiles","LOG_EXECUTION_ID":"true","FUNCTION_SIGNATURE_TYPE":"http"},"ingressSettings":"ALLOW_ALL","uri":"https://getpppoeprofiles-httwctdbwa-as.a.run.app","serviceAccountEmail":"104878342051-compute@developer.gserviceaccount.com","availableMemory":"256Mi","allTrafficOnLatestRevision":true,"revision":"getpppoeprofiles-00001-rul","maxInstanceRequestConcurrency":80,"availableCpu":"1"},"state":"ACTIVE","updateTime":"2026-09-07T00:02:14.844393591Z","labels":{"deployment-tool":"cli-firebase","firebase-functions-hash":"3bac66d97c3e37de92af15f7a78c4e30bb9a6930"},"environment":"GEN_2","url":"https://asia-southeast1-swiftstream-portal.cloudfunctions.net/getPppoeProfiles","satisfiesPzs":true,"createTime":"2026-09-07T00:01:46.009206450Z","satisfiesPzi":true},{"name":"projects/swiftstream-portal/locations/asia-southeast1/functions/getIpPools","buildConfig":{"build":"projects/104878342051/locations/asia-southeast1/builds/1b781d4e-fa0b-43fd-8011-d11b3c637d75","runtime":"nodejs20","entryPoint":"getIpPools","source":{"storageSource":{"bucket":"gcf-v2-sources-104878342051-asia-southeast1","object":"getIpPools/function-source.zip","generation":"1788739305210435"}},"environmentVariables":{"GOOGLE_NODE_RUN_SCRIPTS":""},"dockerRepository":"projects/swiftstream-portal/locations/asia-southeast1/repositories/gcf-artifacts","sourceProvenance":{"resolvedStorageSource":{"bucket":"gcf-v2-sources-104878342051-asia-southeast1","object":"getIpPools/function-source.zip","generation":"1788739305210435"}},"dockerRegistry":"ARTIFACT_REGISTRY","serviceAccount":"projects/swiftstream-portal/serviceAccounts/104878342051-compute@developer.gserviceaccount.com","automaticUpdatePolicy":{}},"serviceConfig":{"service":"projects/swiftstream-portal/locations/asia-southeast1/services/getippools","timeoutSeconds":60,"environmentVariables":{"FIREBASE_CONFIG":"{\"projectId\":\"swiftstream-portal\",\"storageBucket\":\"swiftstream-portal.firebasestorage.app\"}","GCLOUD_PROJECT":"swiftstream-portal","EVENTARC_CLOUD_EVENT_SOURCE":"projects/swiftstream-portal/locations/asia-southeast1/services/getIpPools","FUNCTION_REGION":"asia-southeast1","FUNCTION_TARGET":"getIpPools","LOG_EXECUTION_ID":"true","FUNCTION_SIGNATURE_TYPE":"http"},"ingressSettings":"ALLOW_ALL","uri":"https://getippools-httwctdbwa-as.a.run.app","serviceAccountEmail":"104878342051-compute@developer.gserviceaccount.com","availableMemory":"256Mi","allTrafficOnLatestRevision":true,"revision":"getippools-00001-ver","maxInstanceRequestConcurrency":80,"availableCpu":"1"},"state":"ACTIVE","updateTime":"2026-09-07T00:01:54.287544157Z","labels":{"deployment-tool":"cli-firebase","firebase-functions-hash":"3bac66d97c3e37de92af15f7a78c4e30bb9a6930"},"environment":"GEN_2","url":"https://asia-southeast1-swiftstream-portal.cloudfunctions.net/getIpPools","satisfiesPzs":true,"createTime":"2026-09-07T00:01:45.859371820Z","satisfiesPzi":true},{"name":"projects/swiftstream-portal/locations/asia-southeast1/functions/mikrotikPing","buildConfig":{"build":"projects/104878342051/locations/asia-southeast1/builds/1b781d4e-fa0b-43fd-8011-d11b3c637d75","runtime":"nodejs20","entryPoint":"mikrotikPing","source":{"storageSource":{"bucket":"gcf-v2-sources-104878342051-asia-southeast1","object":"mikrotikPing/function-source.zip","generation":"1788739306707440"}},"environmentVariables":{"GOOGLE_NODE_RUN_SCRIPTS":""},"dockerRepository":"projects/swiftstream-portal/locations/asia-southeast1/repositories/gcf-artifacts","serviceAccount":"projects/swiftstream-portal/serviceAccounts/104878342051-compute@developer.gserviceaccount.com","automaticUpdatePolicy":{}},"serviceConfig":{"service":"projects/swiftstream-portal/locations/asia-southeast1/services/mikrotikping","timeoutSeconds":60,"environmentVariables":{"FIREBASE_CONFIG":"{\"projectId\":\"swiftstream-portal\",\"storageBucket\":\"swiftstream-portal.firebasestorage.app\"}","GCLOUD_PROJECT":"swiftstream-portal","EVENTARC_CLOUD_EVENT_SOURCE":"projects/swiftstream-portal/locations/asia-southeast1/services/mikrotikPing","FUNCTION_REGION":"asia-southeast1","FUNCTION_TARGET":"mikrotikPing","LOG_EXECUTION_ID":"true","FUNCTION_SIGNATURE_TYPE":"http"},"maxInstanceCount":3,"ingressSettings":"ALLOW_ALL","uri":"https://mikrotikping-httwctdbwa-as.a.run.app","serviceAccountEmail":"104878342051-compute@developer.gserviceaccount.com","availableMemory":"256Mi","allTrafficOnLatestRevision":true,"revision":"mikrotikping-00002-hox","maxInstanceRequestConcurrency":80,"availableCpu":"1"},"state":"ACTIVE","updateTime":"2026-09-07T00:02:05.616029672Z","labels":{"deployment-tool":"cli-firebase","firebase-functions-hash":"3bac66d97c3e37de92af15f7a78c4e30bb9a6930"},"environment":"GEN_2","url":"https://asia-southeast1-swiftstream-portal.cloudfunctions.net/mikrotikPing","satisfiesPzs":true,"createTime":"2026-09-06T11:00:34.626856792Z","satisfiesPzi":true},{"name":"projects/swiftstream-portal/locations/asia-southeast1/functions/xenditTestConnection","buildConfig":{"build":"projects/104878342051/locations/asia-southeast1/builds/1b781d4e-fa0b-43fd-8011-d11b3c637d75","runtime":"nodejs20","entryPoint":"xenditTestConnection","source":{"storageSource":{"bucket":"gcf-v2-sources-104878342051-asia-southeast1","object":"xenditTestConnection/function-source.zip","generation":"1788739305190809"}},"environmentVariables":{"GOOGLE_NODE_RUN_SCRIPTS":""},"dockerRepository":"projects/swiftstream-portal/locations/asia-southeast1/repositories/gcf-artifacts","sourceProvenance":{"resolvedStorageSource":{"bucket":"gcf-v2-sources-104878342051-asia-southeast1","object":"xenditTestConnection/function-source.zip","generation":"1788739305190809"}},"dockerRegistry":"ARTIFACT_REGISTRY","serviceAccount":"projects/swiftstream-portal/serviceAccounts/104878342051-compute@developer.gserviceaccount.com","automaticUpdatePolicy":{}},"serviceConfig":{"service":"projects/swiftstream-portal/locations/asia-southeast1/services/xendittestconnection","timeoutSeconds":60,"environmentVariables":{"FIREBASE_CONFIG":"{\"projectId\":\"swiftstream-portal\",\"storageBucket\":\"swiftstream-portal.firebasestorage.app\"}","GCLOUD_PROJECT":"swiftstream-portal","EVENTARC_CLOUD_EVENT_SOURCE":"projects/swiftstream-portal/locations/asia-southeast1/services/xenditTestConnection","FUNCTION_REGION":"asia-southeast1","FUNCTION_TARGET":"xenditTestConnection","LOG_EXECUTION_ID":"true","FUNCTION_SIGNATURE_TYPE":"http"},"ingressSettings":"ALLOW_ALL","uri":"https://xendittestconnection-httwctdbwa-as.a.run.app","serviceAccountEmail":"104878342051-compute@developer.gserviceaccount.com","availableMemory":"256Mi","allTrafficOnLatestRevision":true,"revision":"xendittestconnection-00001-cat","maxInstanceRequestConcurrency":80,"availableCpu":"1"},"state":"ACTIVE","updateTime":"2026-09-07T00:02:00.513389955Z","labels":{"deployment-tool":"cli-firebase","firebase-functions-hash":"3bac66d97c3e37de92af15f7a78c4e30bb9a6930"},"environment":"GEN_2","url":"https://asia-southeast1-swiftstream-portal.cloudfunctions.net/xenditTestConnection","satisfiesPzs":true,"createTime":"2026-09-07T00:01:45.906172557Z","satisfiesPzi":true}]}
[warn] ⚠  hosting[swiftstream-portal]: Unable to find a valid endpoint for function `triggerGraceAudit`, but still including it in the config 
[debug] [2026-09-18T22:50:34.688Z] Checked if tokens are valid: true, expires at: 1789775421965
[debug] [2026-09-18T22:50:34.689Z] Checked if tokens are valid: true, expires at: 1789775421965
[debug] [2026-09-18T22:50:34.690Z] >>> [apiv2][query] PATCH https://firebasehosting.googleapis.com/v1beta1/projects/-/sites/swiftstream-portal/versions/26948f5c4f4556e0 updateMask=status%2Cconfig
[debug] [2026-09-18T22:50:34.690Z] >>> [apiv2][body] PATCH https://firebasehosting.googleapis.com/v1beta1/projects/-/sites/swiftstream-portal/versions/26948f5c4f4556e0 {"status":"FINALIZED","config":{"rewrites":[{"glob":"/api/mikrotikTest","run":{"serviceId":"mikrotiktest","region":"asia-southeast1"}},{"glob":"/api/mikrotikTelemetry","run":{"serviceId":"mikrotiktelemetry","region":"asia-southeast1"}},{"glob":"/api/mikrotikStream","run":{"serviceId":"mikrotikstream","region":"asia-southeast1"}},{"glob":"/api/mikrotikKickSession","run":{"serviceId":"mikrotikkicksession","region":"asia-southeast1"}},{"glob":"/api/mikrotikPppoeSync","run":{"serviceId":"mikrotikpppoesync","region":"asia-southeast1"}},{"glob":"/api/mikrotik-proxy","run":{"serviceId":"mikrotikproxy","region":"asia-southeast1"}},{"glob":"/api/getPppoeSecrets","run":{"serviceId":"getpppoesecrets","region":"asia-southeast1"}},{"glob":"/api/getPppoeProfiles","run":{"serviceId":"getpppoeprofiles","region":"asia-southeast1"}},{"glob":"/api/getPppoeActive","run":{"serviceId":"getpppoeactive","region":"asia-southeast1"}},{"glob":"/api/deleteUserAccount","run":{"serviceId":"deleteuseraccount","region":"asia-southeast1"}},{"glob":"/api/triggerGraceAudit","function":"triggerGraceAudit","functionRegion":"asia-southeast1"},{"glob":"**","path":"/index.html"}],"headers":[{"glob":"/**","headers":{"Cache-Control":"no-cache, no-store, must-revalidate"}},{"glob":"/assets/**","headers":{"Cache-Control":"max-age=31536000, immutable"}}]}}
[debug] [2026-09-18T22:50:36.124Z] <<< [apiv2][status] PATCH https://firebasehosting.googleapis.com/v1beta1/projects/-/sites/swiftstream-portal/versions/26948f5c4f4556e0 200
[debug] [2026-09-18T22:50:36.130Z] <<< [apiv2][body] PATCH https://firebasehosting.googleapis.com/v1beta1/projects/-/sites/swiftstream-portal/versions/26948f5c4f4556e0 {"name":"projects/104878342051/sites/swiftstream-portal/versions/26948f5c4f4556e0","status":"FINALIZED","config":{"headers":[{"headers":{"Cache-Control":"no-cache, no-store, must-revalidate"},"glob":"/**"},{"headers":{"Cache-Control":"max-age=31536000, immutable"},"glob":"/assets/**"}],"rewrites":[{"glob":"/api/mikrotikTest","run":{"serviceId":"mikrotiktest","region":"asia-southeast1"}},{"glob":"/api/mikrotikTelemetry","run":{"serviceId":"mikrotiktelemetry","region":"asia-southeast1"}},{"glob":"/api/mikrotikStream","run":{"serviceId":"mikrotikstream","region":"asia-southeast1"}},{"glob":"/api/mikrotikKickSession","run":{"serviceId":"mikrotikkicksession","region":"asia-southeast1"}},{"glob":"/api/mikrotikPppoeSync","run":{"serviceId":"mikrotikpppoesync","region":"asia-southeast1"}},{"glob":"/api/mikrotik-proxy","run":{"serviceId":"mikrotikproxy","region":"asia-southeast1"}},{"glob":"/api/getPppoeSecrets","run":{"serviceId":"getpppoesecrets","region":"asia-southeast1"}},{"glob":"/api/getPppoeProfiles","run":{"serviceId":"getpppoeprofiles","region":"asia-southeast1"}},{"glob":"/api/getPppoeActive","run":{"serviceId":"getpppoeactive","region":"asia-southeast1"}},{"glob":"/api/deleteUserAccount","run":{"serviceId":"deleteuseraccount","region":"asia-southeast1"}},{"functionRegion":"asia-southeast1","glob":"/api/triggerGraceAudit","function":"triggerGraceAudit"},{"glob":"**","path":"/index.html"}]},"labels":{"deployment-tool":"cli-firebase"},"createTime":"2026-09-18T22:50:26.094914Z","createUser":{"email":"youlo1709@gmail.com"},"finalizeTime":"2026-09-18T22:50:35.925224Z","finalizeUser":{"email":"youlo1709@gmail.com"}}
[debug] [2026-09-18T22:50:36.136Z] [hosting] finalized version for swiftstream-portal:[object Object]
[info] ✔  hosting[swiftstream-portal]: version finalized 
[info] i  hosting[swiftstream-portal]: releasing new version... 
[debug] [2026-09-18T22:50:36.138Z] Checked if tokens are valid: true, expires at: 1789775421965
[debug] [2026-09-18T22:50:36.139Z] Checked if tokens are valid: true, expires at: 1789775421965
[debug] [2026-09-18T22:50:36.144Z] >>> [apiv2][query] POST https://firebasehosting.googleapis.com/v1beta1/projects/-/sites/swiftstream-portal/channels/live/releases versionName=projects%2F104878342051%2Fsites%2Fswiftstream-portal%2Fversions%2F26948f5c4f4556e0
[debug] [2026-09-18T22:50:36.146Z] >>> [apiv2][body] POST https://firebasehosting.googleapis.com/v1beta1/projects/-/sites/swiftstream-portal/channels/live/releases {}
[debug] [2026-09-18T22:50:37.247Z] <<< [apiv2][status] POST https://firebasehosting.googleapis.com/v1beta1/projects/-/sites/swiftstream-portal/channels/live/releases 200
[debug] [2026-09-18T22:50:37.248Z] <<< [apiv2][body] POST https://firebasehosting.googleapis.com/v1beta1/projects/-/sites/swiftstream-portal/channels/live/releases {"name":"projects/104878342051/sites/swiftstream-portal/channels/live/releases/1789771836362000","version":{"name":"projects/104878342051/sites/swiftstream-portal/versions/26948f5c4f4556e0","status":"FINALIZED","config":{"headers":[{"headers":{"Cache-Control":"no-cache, no-store, must-revalidate"},"glob":"/**"},{"headers":{"Cache-Control":"max-age=31536000, immutable"},"glob":"/assets/**"}],"rewrites":[{"glob":"/api/mikrotikTest","run":{"serviceId":"mikrotiktest","region":"asia-southeast1"}},{"glob":"/api/mikrotikTelemetry","run":{"serviceId":"mikrotiktelemetry","region":"asia-southeast1"}},{"glob":"/api/mikrotikStream","run":{"serviceId":"mikrotikstream","region":"asia-southeast1"}},{"glob":"/api/mikrotikKickSession","run":{"serviceId":"mikrotikkicksession","region":"asia-southeast1"}},{"glob":"/api/mikrotikPppoeSync","run":{"serviceId":"mikrotikpppoesync","region":"asia-southeast1"}},{"glob":"/api/mikrotik-proxy","run":{"serviceId":"mikrotikproxy","region":"asia-southeast1"}},{"glob":"/api/getPppoeSecrets","run":{"serviceId":"getpppoesecrets","region":"asia-southeast1"}},{"glob":"/api/getPppoeProfiles","run":{"serviceId":"getpppoeprofiles","region":"asia-southeast1"}},{"glob":"/api/getPppoeActive","run":{"serviceId":"getpppoeactive","region":"asia-southeast1"}},{"glob":"/api/deleteUserAccount","run":{"serviceId":"deleteuseraccount","region":"asia-southeast1"}},{"functionRegion":"asia-southeast1","glob":"/api/triggerGraceAudit","function":"triggerGraceAudit"},{"glob":"**","path":"/index.html"}]},"labels":{"deployment-tool":"cli-firebase"},"createTime":"2026-09-18T22:50:26.094914Z","createUser":{"email":"youlo1709@gmail.com","imageUrl":"https://lh3.googleusercontent.com/a/ACg8ocJ53ChuXYUr0hAx8g-iSpMElJ8e2Bztvk297-Yl7gUG_oPJXhAY=mo"},"finalizeTime":"2026-09-18T22:50:35.925224Z","finalizeUser":{"email":"youlo1709@gmail.com","imageUrl":"https://lh3.googleusercontent.com/a/ACg8ocJ53ChuXYUr0hAx8g-iSpMElJ8e2Bztvk297-Yl7gUG_oPJXhAY=mo"}},"type":"DEPLOY","releaseTime":"2026-09-18T22:50:36.362Z","releaseUser":{"email":"youlo1709@gmail.com","imageUrl":"https://lh3.googleusercontent.com/a/ACg8ocJ53ChuXYUr0hAx8g-iSpMElJ8e2Bztvk297-Yl7gUG_oPJXhAY=mo"}}
[debug] [2026-09-18T22:50:37.267Z] [hosting] release: {"name":"projects/104878342051/sites/swiftstream-portal/channels/live/releases/1789771836362000","version":{"name":"projects/104878342051/sites/swiftstream-portal/versions/26948f5c4f4556e0","status":"FINALIZED","config":{"headers":[{"headers":{"Cache-Control":"no-cache, no-store, must-revalidate"},"glob":"/**"},{"headers":{"Cache-Control":"max-age=31536000, immutable"},"glob":"/assets/**"}],"rewrites":[{"glob":"/api/mikrotikTest","run":{"serviceId":"mikrotiktest","region":"asia-southeast1"}},{"glob":"/api/mikrotikTelemetry","run":{"serviceId":"mikrotiktelemetry","region":"asia-southeast1"}},{"glob":"/api/mikrotikStream","run":{"serviceId":"mikrotikstream","region":"asia-southeast1"}},{"glob":"/api/mikrotikKickSession","run":{"serviceId":"mikrotikkicksession","region":"asia-southeast1"}},{"glob":"/api/mikrotikPppoeSync","run":{"serviceId":"mikrotikpppoesync","region":"asia-southeast1"}},{"glob":"/api/mikrotik-proxy","run":{"serviceId":"mikrotikproxy","region":"asia-southeast1"}},{"glob":"/api/getPppoeSecrets","run":{"serviceId":"getpppoesecrets","region":"asia-southeast1"}},{"glob":"/api/getPppoeProfiles","run":{"serviceId":"getpppoeprofiles","region":"asia-southeast1"}},{"glob":"/api/getPppoeActive","run":{"serviceId":"getpppoeactive","region":"asia-southeast1"}},{"glob":"/api/deleteUserAccount","run":{"serviceId":"deleteuseraccount","region":"asia-southeast1"}},{"functionRegion":"asia-southeast1","glob":"/api/triggerGraceAudit","function":"triggerGraceAudit"},{"glob":"**","path":"/index.html"}]},"labels":{"deployment-tool":"cli-firebase"},"createTime":"2026-09-18T22:50:26.094914Z","createUser":{"email":"youlo1709@gmail.com","imageUrl":"https://lh3.googleusercontent.com/a/ACg8ocJ53ChuXYUr0hAx8g-iSpMElJ8e2Bztvk297-Yl7gUG_oPJXhAY=mo"},"finalizeTime":"2026-09-18T22:50:35.925224Z","finalizeUser":{"email":"youlo1709@gmail.com","imageUrl":"https://lh3.googleusercontent.com/a/ACg8ocJ53ChuXYUr0hAx8g-iSpMElJ8e2Bztvk297-Yl7gUG_oPJXhAY=mo"}},"type":"DEPLOY","releaseTime":"2026-09-18T22:50:36.362Z","releaseUser":{"email":"youlo1709@gmail.com","imageUrl":"https://lh3.googleusercontent.com/a/ACg8ocJ53ChuXYUr0hAx8g-iSpMElJ8e2Bztvk297-Yl7gUG_oPJXhAY=mo"}}
[info] ✔  hosting[swiftstream-portal]: release complete 
[info] 
[info] ✔  Deploy complete! 
[info] 
[info] Project Console: https://console.firebase.google.com/project/swiftstream-portal/overview
[info] Hosting URL: https://swiftstream-portal.web.app
